>>> [15:45:03] vuejs-ai part1

[38;5;250m███████╗██╗  ██╗██╗██╗     ██╗     ███████╗[0m
[38;5;248m██╔════╝██║ ██╔╝██║██║     ██║     ██╔════╝[0m
[38;5;245m███████╗█████╔╝ ██║██║     ██║     ███████╗[0m
[38;5;243m╚════██║██╔═██╗ ██║██║     ██║     ╚════██║[0m
[38;5;240m███████║██║  ██╗██║███████╗███████╗███████║[0m
[38;5;238m╚══════╝╚═╝  ╚═╝╚═╝╚══════╝╚══════╝╚══════╝[0m

┌  [46m[30m skills [39m[49m
│
│  [2mTip: use the --yes (-y) and --global (-g) flags to install without prompts.[22m
[?25l│
◇  Source: https://github.com/vuejs-ai/skills.git
[?25h[?25l│
◒  Cloning repository…[1G[J◐  Cloning repository…[1G[J◓  Cloning repository…[1G[J◑  Cloning repository…[1G[J◒  Cloning repository…[1G[J◐  Cloning repository…[1G[J◓  Cloning repository…[1G[J◑  Cloning repository…[1G[J◒  Cloning repository….[1G[J◐  Cloning repository….[1G[J◓  Cloning repository….[1G[J◑  Cloning repository….[1G[J◒  Cloning repository….[1G[J◐  Cloning repository….[1G[J◓  Cloning repository….[1G[J◑  Cloning repository….[1G[J◒  Cloning repository…..│
■  [31mFailed to clone repository[39m
│
│  [2mFailed to clone https://github.com/vuejs-ai/skills.git: Cloning into 'C:\Users\lenovo\AppData\Local\Temp\skills-VwqBBC'...[22m
│
│  [2mfatal: unable to access 'https://gitclone.com/github.com/vuejs-ai/skills.git/': The requested URL returned error: 502[22m
│
│  [2m[22m
│
└  [31mInstallation failed[39m

[1G[J■  Canceled
[?25h  exit=1
=== RETRY5 DONE Wed, Sep  9, 2026  3:45:10 PM ===
design-taste-frontend
element-plus
frontend-design
frontend-dev-guidelines
frontend-patterns
frontend-ui-engineering
grill-me
pinia
typescript-pro
ui-to-vue
unit-test-vue-pinia
vite
vite-patterns
vitest
vue
vue-expert
