0 verbose cli C:\Users\lenovo\.workbuddy\binaries\node\versions\22.22.2\node.exe C:\Users\lenovo\.workbuddy\binaries\node\versions\22.22.2\node_modules\npm\bin\npm-cli.js
1 info using npm@10.9.7
2 info using node@v22.22.2
3 silly config load:file:C:\Users\lenovo\.workbuddy\binaries\node\versions\22.22.2\node_modules\npm\npmrc
4 silly config load:file:E:\guojian\01project\sjz\sjz-front\.npmrc
5 silly config load:file:C:\Users\lenovo\.npmrc
6 silly config load:file:C:\Users\lenovo\.workbuddy\binaries\node\versions\22.22.2\etc\npmrc
7 verbose title npm exec skills add vuejs-ai/skills --skill vue-best-practices --skill vue-router-best-practices --skill vue-pinia-best-practices --skill vue-testing-best-practices -y --agent *
8 verbose argv "exec" "--yes" "--" "skills" "add" "vuejs-ai/skills" "--skill" "vue-best-practices" "--skill" "vue-router-best-practices" "--skill" "vue-pinia-best-practices" "--skill" "vue-testing-best-practices" "-y" "--agent" "*"
9 verbose logfile logs-max:10 dir:E:\guojian\993学习资料\_tmp\npmcache\_logs\2026-09-09T08_07_48_186Z-
10 verbose logfile E:\guojian\993学习资料\_tmp\npmcache\_logs\2026-09-09T08_07_48_186Z-debug-0.log
11 silly logfile start cleaning logs, removing 2 files
12 silly logfile error removing log file E:\guojian\993学习资料\_tmp\npmcache\_logs\2026-09-09T07_23_57_917Z-debug-0.log Error: [safe-delete][SAFE_DELETE_BULK_CONFIRM_REQUIRED] {"count":50,"threshold":50,"scope":"turn","targets":["E:\\guojian\\993学习资料\\_tmp\\npmcache\\_logs\\2026-09-09T07_23_57_917Z-debug-0.log"],"targetCount":1}
12 silly logfile     at checkBulkDeleteGuard (D:\apps\WorkBuddy\resources\app.asar.unpacked\cli\vendor\shim\genie-safe-delete.cjs:222:19)
12 silly logfile     at tryTrash (D:\apps\WorkBuddy\resources\app.asar.unpacked\cli\vendor\shim\genie-safe-delete.cjs:546:5)
12 silly logfile     at tryRm (D:\apps\WorkBuddy\resources\app.asar.unpacked\cli\vendor\shim\genie-safe-delete.cjs:722:5)
12 silly logfile     at Object.wrappedPromisesRm [as rm] (D:\apps\WorkBuddy\resources\app.asar.unpacked\cli\vendor\shim\genie-safe-delete.cjs:766:15)
12 silly logfile     at #cleanLogs (C:\Users\lenovo\.workbuddy\binaries\node\versions\22.22.2\node_modules\npm\lib\utils\log-file.js:245:20)
13 silly logfile error removing log file E:\guojian\993学习资料\_tmp\npmcache\_logs\2026-09-09T07_30_44_771Z-debug-0.log Error: [safe-delete][SAFE_DELETE_BULK_CONFIRM_REQUIRED] {"count":50,"threshold":50,"scope":"turn","targets":["E:\\guojian\\993学习资料\\_tmp\\npmcache\\_logs\\2026-09-09T07_30_44_771Z-debug-0.log"],"targetCount":1}
13 silly logfile     at checkBulkDeleteGuard (D:\apps\WorkBuddy\resources\app.asar.unpacked\cli\vendor\shim\genie-safe-delete.cjs:222:19)
13 silly logfile     at tryTrash (D:\apps\WorkBuddy\resources\app.asar.unpacked\cli\vendor\shim\genie-safe-delete.cjs:546:5)
13 silly logfile     at tryRm (D:\apps\WorkBuddy\resources\app.asar.unpacked\cli\vendor\shim\genie-safe-delete.cjs:722:5)
13 silly logfile     at Object.wrappedPromisesRm [as rm] (D:\apps\WorkBuddy\resources\app.asar.unpacked\cli\vendor\shim\genie-safe-delete.cjs:766:15)
13 silly logfile     at #cleanLogs (C:\Users\lenovo\.workbuddy\binaries\node\versions\22.22.2\node_modules\npm\lib\utils\log-file.js:245:20)
14 silly logfile done cleaning log files
15 silly packumentCache heap:4345298944 maxSize:1086324736 maxEntrySize:543162368
16 verbose shrinkwrap failed to load node_modules/.package-lock.json out of date, updated: node_modules
17 http fetch GET 200 https://registry.npmjs.org/skills 742ms (cache revalidated)
18 silly packumentCache heap:4345298944 maxSize:1086324736 maxEntrySize:543162368
19 silly packumentCache heap:4345298944 maxSize:1086324736 maxEntrySize:543162368
20 verbose cwd E:\guojian\01project\sjz\sjz-front
21 verbose os Windows_NT 10.0.26100
22 verbose node v22.22.2
23 verbose npm  v10.9.7
24 verbose exit 143
25 verbose code 143
