0 verbose cli C:\Users\lenovo\.workbuddy\binaries\node\versions\22.22.2\node.exe C:\Users\lenovo\.workbuddy\binaries\node\versions\22.22.2\node_modules\npm\bin\npm-cli.js
1 info using npm@10.9.7
2 info using node@v22.22.2
3 silly config load:file:C:\Users\lenovo\.workbuddy\binaries\node\versions\22.22.2\node_modules\npm\npmrc
4 silly config load:file:E:\guojian\01project\sjz\sjz-front\.npmrc
5 silly config load:file:C:\Users\lenovo\.npmrc
6 silly config load:file:C:\Users\lenovo\.workbuddy\binaries\node\versions\22.22.2\etc\npmrc
7 verbose title npm exec skills add vuejs-ai/skills --skill vue-best-practices --skill vue-router-best-practices --skill vue-pinia-best-practices --skill vue-testing-best-practices -y --agent *
8 verbose argv "exec" "--yes" "--" "skills" "add" "vuejs-ai/skills" "--skill" "vue-best-practices" "--skill" "vue-router-best-practices" "--skill" "vue-pinia-best-practices" "--skill" "vue-testing-best-practices" "-y" "--agent" "*"
9 verbose logfile logs-max:10 dir:E:\guojian\993学习资料\_tmp\npmcache\_logs\2026-09-09T07_54_14_318Z-
10 verbose logfile E:\guojian\993学习资料\_tmp\npmcache\_logs\2026-09-09T07_54_14_318Z-debug-0.log
11 silly logfile done cleaning log files
12 silly packumentCache heap:4345298944 maxSize:1086324736 maxEntrySize:543162368
13 verbose shrinkwrap failed to load node_modules/.package-lock.json out of date, updated: node_modules
14 http fetch GET 200 https://registry.npmjs.org/skills 488ms (cache revalidated)
15 silly packumentCache heap:4345298944 maxSize:1086324736 maxEntrySize:543162368
16 silly packumentCache heap:4345298944 maxSize:1086324736 maxEntrySize:543162368
17 verbose cwd E:\guojian\01project\sjz\sjz-front
18 verbose os Windows_NT 10.0.26100
19 verbose node v22.22.2
20 verbose npm  v10.9.7
21 verbose exit 143
22 verbose code 143
